0 verbose cli C:\nvm4w\nodejs\node.exe C:\Users\kirk\AppData\Local\nvm\v22.14.0\node_modules\npm\bin\npm-cli.js
1 info using npm@10.9.2
2 info using node@v22.14.0
3 silly config load:file:C:\Users\kirk\AppData\Local\nvm\v22.14.0\node_modules\npm\npmrc
4 silly config load:file:C:\Users\kirk\Downloads\Coding Projects\ada\.npmrc
5 silly config load:file:C:\Users\kirk\.npmrc
6 silly config load:file:C:\nvm4w\nodejs\etc\npmrc
7 verbose title npm exec agent-browser --version
8 verbose argv "exec" "--cache" ".tmp\\npm-cache" "--yes" "--" "agent-browser" "--version"
9 verbose logfile logs-max:10 dir:C:\Users\kirk\Downloads\Coding Projects\ada\.tmp\npm-cache\_logs\2026-09-24T18_12_17_619Z-
10 verbose logfile C:\Users\kirk\Downloads\Coding Projects\ada\.tmp\npm-cache\_logs\2026-09-24T18_12_17_619Z-debug-0.log
11 silly logfile done cleaning log files
12 silly packumentCache heap:4345298944 maxSize:1086324736 maxEntrySize:543162368
13 verbose shrinkwrap failed to load node_modules/.package-lock.json out of date, updated: node_modules
14 http fetch GET 200 https://registry.npmjs.org/npm 770ms
15 http fetch GET 200 https://registry.npmjs.org/agent-browser 151ms (cache miss)
16 silly packumentCache heap:4345298944 maxSize:1086324736 maxEntrySize:543162368
17 silly packumentCache heap:4345298944 maxSize:1086324736 maxEntrySize:543162368
18 silly idealTree buildDeps
19 silly fetch manifest agent-browser@0.27.0
20 silly packumentCache full:https://registry.npmjs.org/agent-browser cache-miss
21 http fetch GET 200 https://registry.npmjs.org/agent-browser 138ms (cache miss)
22 silly packumentCache full:https://registry.npmjs.org/agent-browser set size:undefined disposed:false
23 silly placeDep ROOT agent-browser@0.27.0 OK for:  want: 0.27.0
24 silly reify moves {}
25 silly audit bulk request { 'agent-browser': [ '0.27.0' ] }
26 http cache agent-browser@https://registry.npmjs.org/agent-browser/-/agent-browser-0.27.0.tgz 1ms (cache hit)
27 silly tarball no local data for agent-browser@https://registry.npmjs.org/agent-browser/-/agent-browser-0.27.0.tgz. Extracting by manifest.
28 http fetch POST 200 https://registry.npmjs.org/-/npm/v1/security/advisories/bulk 140ms
29 silly audit report {}
30 http fetch GET 200 https://registry.npmjs.org/agent-browser/-/agent-browser-0.27.0.tgz 5628ms (cache miss)
31 info run agent-browser@0.27.0 postinstall node_modules/agent-browser node scripts/postinstall.js
32 info run agent-browser@0.27.0 postinstall { code: 0, signal: null }
33 verbose cwd C:\Users\kirk\Downloads\Coding Projects\ada
34 verbose os Windows_NT 10.0.26200
35 verbose node v22.14.0
36 verbose npm  v10.9.2
37 notice
37 notice New major version of npm available! 10.9.2 -> 12.1.0
37 notice Changelog: https://github.com/npm/cli/releases/tag/v12.1.0
37 notice To update run: npm install -g npm@12.1.0
37 notice  { force: true, [Symbol(proc-log.meta)]: true }
38 verbose exit 0
39 info ok
